<?xml version="1.0" encoding="utf-8"?><testsuites name="pytest tests"><testsuite name="pytest" errors="0" failures="0" skipped="0" tests="8" time="3.056" timestamp="2026-05-15T11:26:40.300792+00:00" hostname="1444ee81c8ef"><testcase classname="tests.test_daily" name="test_get_bosses_returns_seven" time="0.312" /><testcase classname="tests.test_daily" name="test_no_session_before_selection" time="0.010" /><testcase classname="tests.test_daily" name="test_select_boss_creates_session" time="0.012" /><testcase classname="tests.test_daily" name="test_cannot_select_boss_twice" time="0.012" /><testcase classname="tests.test_todo" name="test_create_todo" time="0.014" /><testcase classname="tests.test_todo" name="test_tick_todo_deals_damage" time="0.019" /><testcase classname="tests.test_todo" name="test_cannot_tick_twice" time="0.019" /><testcase classname="tests.test_todo" name="test_boss_clears_when_all_done" time="0.023" /></testsuite></testsuites>